
> client@0.0.0 dev
> vite --host 0.0.0.0 --port 5173


  VITE v5.4.8  ready in 183 ms

  ➜  Local:   http://localhost:5173/
  ➜  Network: http://172.31.34.52:5173/
  ➜  Network: http://172.17.0.1:5173/
1:14:03 PM [vite] page reload src/router/Dashboard.jsx
1:14:03 PM [vite] page reload src/router/Dashboard.jsx
1:27:41 PM [vite] page reload src/components/TaskList.jsx
1:27:42 PM [vite] page reload src/components/TaskList.jsx
1:35:24 PM [vite] page reload src/router/LogingOut.jsx
1:35:25 PM [vite] page reload src/router/LogingOut.jsx
4:43:19 PM [vite] hmr update /src/index.css
4:43:58 PM [vite] hmr update /src/EstilosCSS/navbar.css
4:44:51 PM [vite] page reload src/router/Dashboard.jsx
4:45:10 PM [vite] page reload src/router/Dashboard.jsx
4:46:07 PM [vite] page reload src/router/LogingOut.jsx
4:52:37 PM [vite] hmr update /src/index.css
5:00:01 PM [vite] page reload src/router/LogingOut.jsx
9:46:47 PM [vite] page reload src/main.jsx
9:47:43 PM [vite] page reload src/router/LogingOut.jsx
9:48:03 PM [vite] page reload src/router/LogingOut.jsx
9:48:51 PM [vite] page reload src/main.jsx
9:48:51 PM [vite] Pre-transform error: Failed to resolve import "./pages/TablePrices.jsx" from "src/main.jsx". Does the file exist?
9:48:52 PM [vite] Internal server error: Failed to resolve import "./pages/TablePrices.jsx" from "src/main.jsx". Does the file exist?
  Plugin: vite:import-analysis
  File: /home/ubuntu/farm-stack-crud/client/src/main.jsx:13:24
  11 |  import LisTask from "./pages/LisTask.jsx";
  12 |  import TaskForm from "./pages/TaskForm.jsx";
  13 |  import PreciosForm from "./pages/TablePrices.jsx";
     |                           ^
  14 |  const router = createBrowserRouter([
  15 |    {
      at TransformPluginContext._formatError (file:///home/ubuntu/farm-stack-crud/client/node_modules/vite/dist/node/chunks/dep-CDnG8rE7.js:49193:41)
      at TransformPluginContext.error (file:///home/ubuntu/farm-stack-crud/client/node_modules/vite/dist/node/chunks/dep-CDnG8rE7.js:49188:16)
      at normalizeUrl (file:///home/ubuntu/farm-stack-crud/client/node_modules/vite/dist/node/chunks/dep-CDnG8rE7.js:63984:23)
      at process.processTicksAndRejections (node:internal/process/task_queues:95:5)
      at async file:///home/ubuntu/farm-stack-crud/client/node_modules/vite/dist/node/chunks/dep-CDnG8rE7.js:64116:39
      at async Promise.all (index 12)
      at async TransformPluginContext.transform (file:///home/ubuntu/farm-stack-crud/client/node_modules/vite/dist/node/chunks/dep-CDnG8rE7.js:64043:7)
      at async PluginContainer.transform (file:///home/ubuntu/farm-stack-crud/client/node_modules/vite/dist/node/chunks/dep-CDnG8rE7.js:49034:18)
      at async loadAndTransform (file:///home/ubuntu/farm-stack-crud/client/node_modules/vite/dist/node/chunks/dep-CDnG8rE7.js:51867:27)
      at async viteTransformMiddleware (file:///home/ubuntu/farm-stack-crud/client/node_modules/vite/dist/node/chunks/dep-CDnG8rE7.js:61824:24)
9:48:57 PM [vite] Pre-transform error: Failed to resolve import "./pages/TablePrices.jsx" from "src/main.jsx". Does the file exist?
9:48:57 PM [vite] Internal server error: Failed to resolve import "./pages/TablePrices.jsx" from "src/main.jsx". Does the file exist?
  Plugin: vite:import-analysis
  File: /home/ubuntu/farm-stack-crud/client/src/main.jsx:13:24
  11 |  import LisTask from "./pages/LisTask.jsx";
  12 |  import TaskForm from "./pages/TaskForm.jsx";
  13 |  import PreciosForm from "./pages/TablePrices.jsx";
     |                           ^
  14 |  const router = createBrowserRouter([
  15 |    {
      at TransformPluginContext._formatError (file:///home/ubuntu/farm-stack-crud/client/node_modules/vite/dist/node/chunks/dep-CDnG8rE7.js:49193:41)
      at TransformPluginContext.error (file:///home/ubuntu/farm-stack-crud/client/node_modules/vite/dist/node/chunks/dep-CDnG8rE7.js:49188:16)
      at normalizeUrl (file:///home/ubuntu/farm-stack-crud/client/node_modules/vite/dist/node/chunks/dep-CDnG8rE7.js:63984:23)
      at process.processTicksAndRejections (node:internal/process/task_queues:95:5)
      at async file:///home/ubuntu/farm-stack-crud/client/node_modules/vite/dist/node/chunks/dep-CDnG8rE7.js:64116:39
      at async Promise.all (index 12)
      at async TransformPluginContext.transform (file:///home/ubuntu/farm-stack-crud/client/node_modules/vite/dist/node/chunks/dep-CDnG8rE7.js:64043:7)
      at async PluginContainer.transform (file:///home/ubuntu/farm-stack-crud/client/node_modules/vite/dist/node/chunks/dep-CDnG8rE7.js:49034:18)
      at async loadAndTransform (file:///home/ubuntu/farm-stack-crud/client/node_modules/vite/dist/node/chunks/dep-CDnG8rE7.js:51867:27)
      at async viteTransformMiddleware (file:///home/ubuntu/farm-stack-crud/client/node_modules/vite/dist/node/chunks/dep-CDnG8rE7.js:61824:24)
9:49:20 PM [vite] page reload src/pages/TablePrices.jsx
9:49:21 PM [vite] warning: Duplicate key "backgroundColor" in object literal
190|      borderRadius: '5px',
191|      border: 'none',
192|      backgroundColor: 'white',
   |      ^
193|      color: 'black',
194|      cursor: 'pointer',

  Plugin: vite:esbuild
  File: /home/ubuntu/farm-stack-crud/client/src/pages/TablePrices.jsx
9:51:04 PM [vite] page reload src/pages/TablePrices.jsx
9:51:05 PM [vite] warning: Duplicate key "backgroundColor" in object literal
190|      borderRadius: '5px',
191|      border: 'none',
192|      backgroundColor: 'white',
   |      ^
193|      color: 'black',
194|      cursor: 'pointer',

  Plugin: vite:esbuild
  File: /home/ubuntu/farm-stack-crud/client/src/pages/TablePrices.jsx
9:51:06 PM [vite] page reload src/pages/TablePrices.jsx
9:51:06 PM [vite] warning: Duplicate key "backgroundColor" in object literal
190|      borderRadius: '5px',
191|      border: 'none',
192|      backgroundColor: 'white',
   |      ^
193|      color: 'black',
194|      cursor: 'pointer',

  Plugin: vite:esbuild
  File: /home/ubuntu/farm-stack-crud/client/src/pages/TablePrices.jsx
9:57:48 PM [vite] page reload src/pages/TablePrices.jsx
9:57:49 PM [vite] warning: Duplicate key "backgroundColor" in object literal
190|      borderRadius: '5px',
191|      border: 'none',
192|      backgroundColor: 'white',
   |      ^
193|      color: 'black',
194|      cursor: 'pointer',

  Plugin: vite:esbuild
  File: /home/ubuntu/farm-stack-crud/client/src/pages/TablePrices.jsx
9:57:49 PM [vite] page reload src/pages/TablePrices.jsx
9:57:49 PM [vite] warning: Duplicate key "backgroundColor" in object literal
190|      borderRadius: '5px',
191|      border: 'none',
192|      backgroundColor: 'white',
   |      ^
193|      color: 'black',
194|      cursor: 'pointer',

  Plugin: vite:esbuild
  File: /home/ubuntu/farm-stack-crud/client/src/pages/TablePrices.jsx
9:57:55 PM [vite] page reload src/main.jsx
9:58:15 PM [vite] page reload src/pages/TablePrices.jsx
9:58:37 PM [vite] page reload src/main.jsx
10:07:07 PM [vite] warning: Duplicate key "backgroundColor" in object literal
190|      borderRadius: '5px',
191|      border: 'none',
192|      backgroundColor: 'white',
   |      ^
193|      color: 'black',
194|      cursor: 'pointer',

  Plugin: vite:esbuild
  File: /home/ubuntu/farm-stack-crud/client/src/pages/TablePrices.jsx
10:28:21 PM [vite] page reload src/pages/TablePrices.jsx
10:28:21 PM [vite] page reload src/pages/TablePrices.jsx
10:29:26 PM [vite] page reload src/pages/TablePrices.jsx
10:29:26 PM [vite] page reload src/pages/TablePrices.jsx
10:30:02 PM [vite] page reload src/pages/TablePrices.jsx
10:30:02 PM [vite] page reload src/pages/TablePrices.jsx
11:01:34 PM [vite] page reload src/pages/TablePrices.jsx
11:01:34 PM [vite] page reload src/pages/TablePrices.jsx
11:41:58 PM [vite] page reload src/pages/TablePrices.jsx
11:41:58 PM [vite] page reload src/pages/TablePrices.jsx
11:42:00 PM [vite] Pre-transform error: Failed to resolve import "react-loader-spinner" from "src/pages/TablePrices.jsx". Does the file exist?
11:42:02 PM [vite] Internal server error: Failed to resolve import "react-loader-spinner" from "src/pages/TablePrices.jsx". Does the file exist?
  Plugin: vite:import-analysis
  File: /home/ubuntu/farm-stack-crud/client/src/pages/TablePrices.jsx:3:25
  1  |  import React, { useState } from "react";
  2  |  import { useParams, useNavigate } from "react-router-dom";
  3  |  import { TailSpin } from "react-loader-spinner";
     |                            ^
  4  |  import LogingOut from "../router/LogingOut";
  5  |  function PreciosForm() {
      at TransformPluginContext._formatError (file:///home/ubuntu/farm-stack-crud/client/node_modules/vite/dist/node/chunks/dep-CDnG8rE7.js:49193:41)
      at TransformPluginContext.error (file:///home/ubuntu/farm-stack-crud/client/node_modules/vite/dist/node/chunks/dep-CDnG8rE7.js:49188:16)
      at normalizeUrl (file:///home/ubuntu/farm-stack-crud/client/node_modules/vite/dist/node/chunks/dep-CDnG8rE7.js:63984:23)
      at process.processTicksAndRejections (node:internal/process/task_queues:95:5)
      at async file:///home/ubuntu/farm-stack-crud/client/node_modules/vite/dist/node/chunks/dep-CDnG8rE7.js:64116:39
      at async Promise.all (index 2)
      at async TransformPluginContext.transform (file:///home/ubuntu/farm-stack-crud/client/node_modules/vite/dist/node/chunks/dep-CDnG8rE7.js:64043:7)
      at async PluginContainer.transform (file:///home/ubuntu/farm-stack-crud/client/node_modules/vite/dist/node/chunks/dep-CDnG8rE7.js:49034:18)
      at async loadAndTransform (file:///home/ubuntu/farm-stack-crud/client/node_modules/vite/dist/node/chunks/dep-CDnG8rE7.js:51867:27)
      at async viteTransformMiddleware (file:///home/ubuntu/farm-stack-crud/client/node_modules/vite/dist/node/chunks/dep-CDnG8rE7.js:61824:24)
11:42:07 PM [vite] Internal server error: Failed to resolve import "react-loader-spinner" from "src/pages/TablePrices.jsx". Does the file exist?
  Plugin: vite:import-analysis
  File: /home/ubuntu/farm-stack-crud/client/src/pages/TablePrices.jsx:3:25
  1  |  import React, { useState } from "react";
  2  |  import { useParams, useNavigate } from "react-router-dom";
  3  |  import { TailSpin } from "react-loader-spinner";
     |                            ^
  4  |  import LogingOut from "../router/LogingOut";
  5  |  function PreciosForm() {
      at TransformPluginContext._formatError (file:///home/ubuntu/farm-stack-crud/client/node_modules/vite/dist/node/chunks/dep-CDnG8rE7.js:49193:41)
      at TransformPluginContext.error (file:///home/ubuntu/farm-stack-crud/client/node_modules/vite/dist/node/chunks/dep-CDnG8rE7.js:49188:16)
      at normalizeUrl (file:///home/ubuntu/farm-stack-crud/client/node_modules/vite/dist/node/chunks/dep-CDnG8rE7.js:63984:23)
      at process.processTicksAndRejections (node:internal/process/task_queues:95:5)
      at async file:///home/ubuntu/farm-stack-crud/client/node_modules/vite/dist/node/chunks/dep-CDnG8rE7.js:64116:39
      at async Promise.all (index 2)
      at async TransformPluginContext.transform (file:///home/ubuntu/farm-stack-crud/client/node_modules/vite/dist/node/chunks/dep-CDnG8rE7.js:64043:7)
      at async PluginContainer.transform (file:///home/ubuntu/farm-stack-crud/client/node_modules/vite/dist/node/chunks/dep-CDnG8rE7.js:49034:18)
      at async loadAndTransform (file:///home/ubuntu/farm-stack-crud/client/node_modules/vite/dist/node/chunks/dep-CDnG8rE7.js:51867:27)
      at async viteTransformMiddleware (file:///home/ubuntu/farm-stack-crud/client/node_modules/vite/dist/node/chunks/dep-CDnG8rE7.js:61824:24)
11:43:30 PM [vite] ✨ new dependencies optimized: react-loader-spinner
11:43:30 PM [vite] ✨ optimized dependencies changed. reloading
12:37:55 AM [vite] page reload src/router/Dashboard.jsx
12:37:55 AM [vite] page reload src/router/Dashboard.jsx
12:37:56 AM [vite] Pre-transform error: Transform failed with 2 errors:
/home/ubuntu/farm-stack-crud/client/src/router/Dashboard.jsx:6:9: ERROR: The symbol "useAuth" has already been declared
/home/ubuntu/farm-stack-crud/client/src/router/Dashboard.jsx:7:7: ERROR: The symbol "LogingOut" has already been declared
12:37:56 AM [vite] Internal server error: Transform failed with 2 errors:
/home/ubuntu/farm-stack-crud/client/src/router/Dashboard.jsx:6:9: ERROR: The symbol "useAuth" has already been declared
/home/ubuntu/farm-stack-crud/client/src/router/Dashboard.jsx:7:7: ERROR: The symbol "LogingOut" has already been declared
  Plugin: vite:esbuild
  File: /home/ubuntu/farm-stack-crud/client/src/router/Dashboard.jsx:6:9
  
  The symbol "useAuth" has already been declared
  4  |  import LogingOut from "../router/LogingOut";
  5  |  
  6  |  import { useAuth } from "../Autenticacion/AuthProvider";
     |           ^
  7  |  import LogingOut from "../router/LogingOut";
  8  |  import EnergyChart from "../components/GraficoDinamico";
  
  The symbol "LogingOut" has already been declared
  5  |  
  6  |  import { useAuth } from "../Autenticacion/AuthProvider";
  7  |  import LogingOut from "../router/LogingOut";
     |         ^
  8  |  import EnergyChart from "../components/GraficoDinamico";
  9  |  
  
      at failureErrorWithLog (/home/ubuntu/farm-stack-crud/client/node_modules/esbuild/lib/main.js:1472:15)
      at /home/ubuntu/farm-stack-crud/client/node_modules/esbuild/lib/main.js:755:50
      at responseCallbacks.<computed> (/home/ubuntu/farm-stack-crud/client/node_modules/esbuild/lib/main.js:622:9)
      at handleIncomingPacket (/home/ubuntu/farm-stack-crud/client/node_modules/esbuild/lib/main.js:677:12)
      at Socket.readFromStdout (/home/ubuntu/farm-stack-crud/client/node_modules/esbuild/lib/main.js:600:7)
      at Socket.emit (node:events:519:28)
      at addChunk (node:internal/streams/readable:559:12)
      at readableAddChunkPushByteMode (node:internal/streams/readable:510:3)
      at Readable.push (node:internal/streams/readable:390:5)
      at Pipe.onStreamRead (node:internal/stream_base_commons:191:23)
12:38:20 AM [vite] page reload src/router/Dashboard.jsx
12:38:20 AM [vite] page reload src/router/Dashboard.jsx
12:38:21 AM [vite] ✨ new dependencies optimized: react-chartjs-2, chart.js
12:38:21 AM [vite] ✨ optimized dependencies changed. reloading
12:44:44 AM [vite] page reload src/router/Dashboard.jsx
12:44:44 AM [vite] page reload src/router/Dashboard.jsx
12:48:10 AM [vite] page reload src/router/Dashboard.jsx
12:48:10 AM [vite] page reload src/router/Dashboard.jsx
1:02:03 AM [vite] page reload src/router/Dashboard.jsx
1:02:03 AM [vite] page reload src/router/Dashboard.jsx
1:06:53 AM [vite] page reload src/router/Dashboard.jsx
1:06:53 AM [vite] page reload src/router/Dashboard.jsx
1:55:07 PM [vite] page reload src/router/LogingOut.jsx
1:57:31 PM [vite] page reload src/router/Dashboard.jsx
1:57:31 PM [vite] page reload src/router/Dashboard.jsx
2:21:14 PM [vite] page reload src/router/LogingOut.jsx
2:21:14 PM [vite] page reload src/router/LogingOut.jsx
2:21:23 PM [vite] page reload src/router/LogingOut.jsx
2:21:24 PM [vite] page reload src/router/LogingOut.jsx
2:21:49 PM [vite] page reload src/router/LogingOut.jsx
2:21:49 PM [vite] page reload src/router/LogingOut.jsx
2:25:24 PM [vite] page reload src/router/LogingOut.jsx
2:25:24 PM [vite] page reload src/router/LogingOut.jsx
8:38:48 PM [vite] page reload src/router/Login.jsx
8:38:48 PM [vite] page reload src/router/Login.jsx
8:39:33 PM [vite] page reload src/router/Login.jsx
8:39:33 PM [vite] page reload src/router/Login.jsx
8:40:25 PM [vite] page reload src/components/NavbarFijo.jsx
8:40:25 PM [vite] page reload src/components/NavbarFijo.jsx
8:41:48 PM [vite] page reload src/router/Registro.jsx
8:41:48 PM [vite] page reload src/router/Registro.jsx
8:43:38 PM [vite] page reload src/router/Login.jsx
8:43:38 PM [vite] page reload src/router/Login.jsx
8:55:53 PM [vite] page reload src/pages/TablePrices.jsx
8:55:53 PM [vite] page reload src/pages/TablePrices.jsx
8:55:53 PM [vite] page reload src/pages/TablePrices.jsx
8:55:53 PM [vite] page reload src/pages/TablePrices.jsx
9:17:07 PM [vite] page reload index.html
9:17:07 PM [vite] page reload index.html
9:38:33 PM [vite] page reload src/router/Login.jsx
9:38:33 PM [vite] page reload src/router/Login.jsx
9:59:59 PM [vite] hmr update /src/index.css
9:59:59 PM [vite] hmr update /src/index.css
10:04:37 PM [vite] page reload src/router/Registro.jsx
10:04:37 PM [vite] page reload src/router/Registro.jsx
10:05:58 PM [vite] page reload src/router/Login.jsx
10:05:58 PM [vite] page reload src/router/Login.jsx
10:06:09 PM [vite] page reload src/router/Login.jsx
10:06:09 PM [vite] page reload src/router/Login.jsx
10:06:19 PM [vite] page reload src/router/Login.jsx
10:06:19 PM [vite] page reload src/router/Login.jsx
10:06:31 PM [vite] page reload src/router/Login.jsx
10:06:31 PM [vite] page reload src/router/Login.jsx
10:06:38 PM [vite] page reload src/router/Login.jsx
10:06:38 PM [vite] page reload src/router/Login.jsx
10:06:43 PM [vite] page reload src/router/Login.jsx
10:06:43 PM [vite] page reload src/router/Login.jsx
10:06:48 PM [vite] page reload src/router/Login.jsx
10:06:48 PM [vite] page reload src/router/Login.jsx
10:15:51 PM [vite] page reload src/components/TaskList.jsx
10:15:51 PM [vite] page reload src/components/TaskList.jsx
3:39:13 PM [vite] page reload src/router/Dashboard.jsx
3:40:25 PM [vite] page reload src/components/GraficoDinamico.jsx
3:40:25 PM [vite] page reload src/components/GraficoDinamico.jsx
2:24:30 PM [vite] hmr update /src/index.css
2:24:30 PM [vite] hmr update /src/index.css
2:27:58 PM [vite] page reload src/router/Dashboard.jsx
2:27:58 PM [vite] page reload src/router/Dashboard.jsx
2:27:59 PM [vite] page reload src/router/Dashboard.jsx
2:27:59 PM [vite] page reload src/router/Dashboard.jsx
2:35:20 PM [vite] page reload src/pages/TablePrices.jsx
2:35:20 PM [vite] page reload src/pages/TablePrices.jsx
2:41:28 PM [vite] page reload src/pages/TablePrices.jsx
2:41:28 PM [vite] page reload src/pages/TablePrices.jsx
3:19:55 PM [vite] page reload src/components/NavbarFijo.jsx
3:19:55 PM [vite] page reload src/components/NavbarFijo.jsx
3:21:14 PM [vite] page reload src/router/LogingOut.jsx
3:21:14 PM [vite] page reload src/router/LogingOut.jsx
3:22:31 PM [vite] page reload src/router/LogingOut.jsx
3:22:31 PM [vite] page reload src/router/LogingOut.jsx
3:34:00 PM [vite] page reload src/pages/TaskForm.jsx
3:34:00 PM [vite] page reload src/pages/TaskForm.jsx
3:35:56 PM [vite] page reload src/pages/TaskForm.jsx
3:35:56 PM [vite] page reload src/pages/TaskForm.jsx
3:36:01 PM [vite] page reload src/pages/TaskForm.jsx
3:36:01 PM [vite] page reload src/pages/TaskForm.jsx
3:36:08 PM [vite] page reload src/pages/TaskForm.jsx
3:36:08 PM [vite] page reload src/pages/TaskForm.jsx
3:37:33 PM [vite] page reload src/pages/TaskForm.jsx
3:37:33 PM [vite] page reload src/pages/TaskForm.jsx
2:25:40 PM [vite] page reload src/pages/TablePrices.jsx
2:25:40 PM [vite] page reload src/pages/TablePrices.jsx
12:35:52 PM [vite] page reload src/router/Dashboard.jsx
12:37:47 PM [vite] page reload src/router/Dashboard.jsx
12:38:41 PM [vite] page reload src/router/Dashboard.jsx
12:40:00 PM [vite] page reload src/router/Dashboard.jsx
12:41:55 PM [vite] page reload src/router/Dashboard.jsx
12:51:21 PM [vite] page reload src/router/Dashboard.jsx
1:02:12 PM [vite] page reload src/router/Dashboard.jsx

> client@0.0.0 dev
> vite --host 0.0.0.0 --port 5173


  VITE v5.4.8  ready in 397 ms

  ➜  Local:   http://localhost:5173/
  ➜  Network: http://172.31.34.52:5173/
  ➜  Network: http://172.17.0.1:5173/
Browserslist: caniuse-lite is outdated. Please run:
  npx update-browserslist-db@latest
  Why you should do it regularly: https://github.com/browserslist/update-db#readme

> client@0.0.0 dev
> vite --host 0.0.0.0 --port 5173


  VITE v5.4.8  ready in 455 ms

  ➜  Local:   http://localhost:5173/
  ➜  Network: http://172.31.34.52:5173/
  ➜  Network: http://172.17.0.1:5173/
Browserslist: caniuse-lite is outdated. Please run:
  npx update-browserslist-db@latest
  Why you should do it regularly: https://github.com/browserslist/update-db#readme

> client@0.0.0 dev
> vite --host 0.0.0.0 --port 5173


  VITE v5.4.8  ready in 468 ms

  ➜  Local:   http://localhost:5173/
  ➜  Network: http://172.31.34.52:5173/
  ➜  Network: http://172.17.0.1:5173/
Browserslist: caniuse-lite is outdated. Please run:
  npx update-browserslist-db@latest
  Why you should do it regularly: https://github.com/browserslist/update-db#readme

> client@0.0.0 dev
> vite --host 0.0.0.0 --port 5173


  VITE v5.4.8  ready in 380 ms

  ➜  Local:   http://localhost:5173/
  ➜  Network: http://172.31.34.52:5173/
  ➜  Network: http://172.17.0.1:5173/
Browserslist: caniuse-lite is outdated. Please run:
  npx update-browserslist-db@latest
  Why you should do it regularly: https://github.com/browserslist/update-db#readme

> client@0.0.0 dev
> vite --host 0.0.0.0 --port 5173


  VITE v5.4.8  ready in 228 ms

  ➜  Local:   http://localhost:5173/
  ➜  Network: http://172.31.34.52:5173/
  ➜  Network: http://172.17.0.1:5173/
Browserslist: caniuse-lite is outdated. Please run:
  npx update-browserslist-db@latest
  Why you should do it regularly: https://github.com/browserslist/update-db#readme
17:48:14 [vite] page reload src/api/Users.js
17:48:14 [vite] page reload src/api/Users.js
17:48:37 [vite] page reload src/api/Tokens.js
17:48:37 [vite] page reload src/api/Tokens.js
17:49:08 [vite] page reload src/api/Tasks.js
17:49:08 [vite] page reload src/api/Tasks.js
17:58:04 [vite] page reload src/router/Dashboard.jsx
17:58:04 [vite] page reload src/router/Dashboard.jsx
18:08:16 [vite] page reload src/router/Dashboard.jsx
18:08:16 [vite] page reload src/router/Dashboard.jsx
18:08:17 [vite] page reload src/router/Dashboard.jsx
18:08:17 [vite] page reload src/router/Dashboard.jsx
18:08:42 [vite] page reload src/router/Dashboard.jsx
18:08:42 [vite] page reload src/router/Dashboard.jsx
18:11:18 [vite] page reload src/pages/TablePrices.jsx
18:11:18 [vite] page reload src/pages/TablePrices.jsx
18:12:50 [vite] page reload src/components/GraficoDinamico.jsx
18:12:50 [vite] page reload src/components/GraficoDinamico.jsx
18:14:40 [vite] page reload src/components/GraficoDinamico.jsx
18:14:40 [vite] page reload src/components/GraficoDinamico.jsx
18:14:59 [vite] page reload src/components/GraficoDinamico.jsx
18:14:59 [vite] page reload src/components/GraficoDinamico.jsx
18:16:53 [vite] page reload src/pages/TablePrices.jsx
18:16:54 [vite] page reload src/pages/TablePrices.jsx
