nohup: ignoring input
Traceback (most recent call last):
  File "/home/ubuntu/farm-stack-crud/backend/venv/bin/uvicorn", line 8, in <module>
    sys.exit(main())
             ^^^^^^
  File "/home/ubuntu/farm-stack-crud/backend/venv/lib/python3.12/site-packages/click/core.py", line 1157, in __call__
    return self.main(*args, **kwargs)
           ^^^^^^^^^^^^^^^^^^^^^^^^^^
  File "/home/ubuntu/farm-stack-crud/backend/venv/lib/python3.12/site-packages/click/core.py", line 1078, in main
    rv = self.invoke(ctx)
         ^^^^^^^^^^^^^^^^
  File "/home/ubuntu/farm-stack-crud/backend/venv/lib/python3.12/site-packages/click/core.py", line 1434, in invoke
    return ctx.invoke(self.callback, **ctx.params)
           ^^^^^^^^^^^^^^^^^^^^^^^^^^^^^^^^^^^^^^^
  File "/home/ubuntu/farm-stack-crud/backend/venv/lib/python3.12/site-packages/click/core.py", line 783, in invoke
    return __callback(*args, **kwargs)
           ^^^^^^^^^^^^^^^^^^^^^^^^^^^
  File "/home/ubuntu/farm-stack-crud/backend/venv/lib/python3.12/site-packages/uvicorn/main.py", line 409, in main
    run(
  File "/home/ubuntu/farm-stack-crud/backend/venv/lib/python3.12/site-packages/uvicorn/main.py", line 575, in run
    server.run()
  File "/home/ubuntu/farm-stack-crud/backend/venv/lib/python3.12/site-packages/uvicorn/server.py", line 65, in run
    return asyncio.run(self.serve(sockets=sockets))
           ^^^^^^^^^^^^^^^^^^^^^^^^^^^^^^^^^^^^^^^^
  File "/usr/lib/python3.12/asyncio/runners.py", line 194, in run
    return runner.run(main)
           ^^^^^^^^^^^^^^^^
  File "/usr/lib/python3.12/asyncio/runners.py", line 118, in run
    return self._loop.run_until_complete(task)
           ^^^^^^^^^^^^^^^^^^^^^^^^^^^^^^^^^^^
  File "uvloop/loop.pyx", line 1517, in uvloop.loop.Loop.run_until_complete
  File "/home/ubuntu/farm-stack-crud/backend/venv/lib/python3.12/site-packages/uvicorn/server.py", line 69, in serve
    await self._serve(sockets)
  File "/home/ubuntu/farm-stack-crud/backend/venv/lib/python3.12/site-packages/uvicorn/server.py", line 76, in _serve
    config.load()
  File "/home/ubuntu/farm-stack-crud/backend/venv/lib/python3.12/site-packages/uvicorn/config.py", line 433, in load
    self.loaded_app = import_from_string(self.app)
                      ^^^^^^^^^^^^^^^^^^^^^^^^^^^^
  File "/home/ubuntu/farm-stack-crud/backend/venv/lib/python3.12/site-packages/uvicorn/importer.py", line 22, in import_from_string
    raise exc from None
  File "/home/ubuntu/farm-stack-crud/backend/venv/lib/python3.12/site-packages/uvicorn/importer.py", line 19, in import_from_string
    module = importlib.import_module(module_str)
             ^^^^^^^^^^^^^^^^^^^^^^^^^^^^^^^^^^^
  File "/usr/lib/python3.12/importlib/__init__.py", line 90, in import_module
    return _bootstrap._gcd_import(name[level:], package, level)
           ^^^^^^^^^^^^^^^^^^^^^^^^^^^^^^^^^^^^^^^^^^^^^^^^^^^^
  File "<frozen importlib._bootstrap>", line 1387, in _gcd_import
  File "<frozen importlib._bootstrap>", line 1360, in _find_and_load
  File "<frozen importlib._bootstrap>", line 1331, in _find_and_load_unlocked
  File "<frozen importlib._bootstrap>", line 935, in _load_unlocked
  File "<frozen importlib._bootstrap_external>", line 995, in exec_module
  File "<frozen importlib._bootstrap>", line 488, in _call_with_frames_removed
  File "/home/ubuntu/farm-stack-crud/backend/main.py", line 11, in <module>
    from routes.task import task
  File "/home/ubuntu/farm-stack-crud/backend/routes/task.py", line 1, in <module>
    from Librerias.lib import *
  File "/home/ubuntu/farm-stack-crud/backend/Librerias/__init__.py", line 1, in <module>
    from .lib import *
  File "/home/ubuntu/farm-stack-crud/backend/Librerias/lib.py", line 127, in <module>
    from Utilities.Data_Utils import *
  File "/home/ubuntu/farm-stack-crud/backend/Utilities/Data_Utils.py", line 2, in <module>
    from Librerias.variables_globales import *
ModuleNotFoundError: No module named 'Librerias.variables_globales'
